[2024-12-11 20:21:47] Database error: SQLSTATE[42S22]: Column not found: 1054 Unknown column 'password' in 'field list'
